// Jest Snapshot v1, https://goo.gl/fbAQLP

exports[`getISO3166 should return correct data with alpha2 as parameter 1`] = `
Object {
  "alpha2": "HK",
  "alpha3": "HKG",
  "country_code": "852",
  "country_name": "Hong Kong",
  "mobile_begin_with": Array [
    "4",
    "5",
    "6",
    "70",
    "71",
    "72",
    "73",
    "81",
    "82",
    "83",
    "84",
    "85",
    "86",
    "87",
    "88",
    "89",
    "9",
  ],
  "phone_number_lengths": Array [
    8,
  ],
}
`;

exports[`getISO3166 should return correct data with alpha3 as parameter 1`] = `
Object {
  "alpha2": "HK",
  "alpha3": "HKG",
  "country_code": "852",
  "country_name": "Hong Kong",
  "mobile_begin_with": Array [
    "4",
    "5",
    "6",
    "70",
    "71",
    "72",
    "73",
    "81",
    "82",
    "83",
    "84",
    "85",
    "86",
    "87",
    "88",
    "89",
    "9",
  ],
  "phone_number_lengths": Array [
    8,
  ],
}
`;

exports[`getISO3166 should return correct data with country name as parameter 1`] = `
Object {
  "alpha2": "HK",
  "alpha3": "HKG",
  "country_code": "852",
  "country_name": "Hong Kong",
  "mobile_begin_with": Array [
    "4",
    "5",
    "6",
    "70",
    "71",
    "72",
    "73",
    "81",
    "82",
    "83",
    "84",
    "85",
    "86",
    "87",
    "88",
    "89",
    "9",
  ],
  "phone_number_lengths": Array [
    8,
  ],
}
`;

exports[`getISO3166 should return empty object when not found and with alpha2 as parameter 1`] = `Object {}`;

exports[`getISO3166 should return empty object when not found and with alpha3 as parameter 1`] = `Object {}`;

exports[`getISO3166 should return empty object when not found and with country name as parameter 1`] = `Object {}`;

exports[`getISO3166 should return the first data (USA) when country length equal to 0 1`] = `
Object {
  "alpha2": "US",
  "alpha3": "USA",
  "country_code": "1",
  "country_name": "United States",
  "mobile_begin_with": Array [
    "201",
    "202",
    "203",
    "205",
    "206",
    "207",
    "208",
    "209",
    "210",
    "212",
    "213",
    "214",
    "215",
    "216",
    "217",
    "218",
    "219",
    "224",
    "225",
    "227",
    "228",
    "229",
    "231",
    "234",
    "239",
    "240",
    "248",
    "251",
    "252",
    "253",
    "254",
    "256",
    "260",
    "262",
    "267",
    "269",
    "270",
    "272",
    "274",
    "276",
    "278",
    "281",
    "283",
    "301",
    "302",
    "303",
    "304",
    "305",
    "307",
    "308",
    "309",
    "310",
    "312",
    "313",
    "314",
    "315",
    "316",
    "317",
    "318",
    "319",
    "320",
    "321",
    "323",
    "325",
    "327",
    "330",
    "331",
    "334",
    "336",
    "337",
    "339",
    "341",
    "346",
    "347",
    "351",
    "352",
    "360",
    "361",
    "364",
    "369",
    "380",
    "385",
    "386",
    "401",
    "402",
    "404",
    "405",
    "406",
    "407",
    "408",
    "409",
    "410",
    "412",
    "413",
    "414",
    "415",
    "417",
    "419",
    "423",
    "424",
    "425",
    "430",
    "432",
    "434",
    "435",
    "440",
    "442",
    "443",
    "445",
    "447",
    "458",
    "464",
    "469",
    "470",
    "475",
    "478",
    "479",
    "480",
    "484",
    "501",
    "502",
    "503",
    "504",
    "505",
    "507",
    "508",
    "509",
    "510",
    "512",
    "513",
    "515",
    "516",
    "517",
    "518",
    "520",
    "530",
    "531",
    "534",
    "539",
    "540",
    "541",
    "551",
    "557",
    "559",
    "561",
    "562",
    "563",
    "564",
    "567",
    "570",
    "571",
    "573",
    "574",
    "575",
    "580",
    "582",
    "585",
    "586",
    "601",
    "602",
    "603",
    "605",
    "606",
    "607",
    "608",
    "609",
    "610",
    "612",
    "614",
    "615",
    "616",
    "617",
    "618",
    "619",
    "620",
    "623",
    "626",
    "627",
    "628",
    "629",
    "630",
    "631",
    "636",
    "641",
    "646",
    "650",
    "651",
    "657",
    "659",
    "660",
    "661",
    "662",
    "667",
    "669",
    "678",
    "679",
    "681",
    "682",
    "689",
    "701",
    "702",
    "703",
    "704",
    "706",
    "707",
    "708",
    "712",
    "713",
    "714",
    "715",
    "716",
    "717",
    "718",
    "719",
    "720",
    "724",
    "725",
    "727",
    "730",
    "731",
    "732",
    "734",
    "737",
    "740",
    "747",
    "752",
    "754",
    "757",
    "760",
    "762",
    "763",
    "764",
    "765",
    "769",
    "770",
    "772",
    "773",
    "774",
    "775",
    "779",
    "781",
    "785",
    "786",
    "801",
    "802",
    "803",
    "804",
    "805",
    "806",
    "808",
    "810",
    "812",
    "813",
    "814",
    "815",
    "816",
    "817",
    "818",
    "828",
    "830",
    "831",
    "832",
    "835",
    "843",
    "845",
    "847",
    "848",
    "850",
    "854",
    "856",
    "857",
    "858",
    "859",
    "860",
    "862",
    "863",
    "864",
    "865",
    "870",
    "872",
    "878",
    "901",
    "903",
    "904",
    "906",
    "907",
    "908",
    "909",
    "910",
    "912",
    "913",
    "914",
    "915",
    "916",
    "917",
    "918",
    "919",
    "920",
    "925",
    "927",
    "928",
    "929",
    "931",
    "934",
    "935",
    "936",
    "937",
    "938",
    "940",
    "941",
    "947",
    "949",
    "951",
    "952",
    "954",
    "956",
    "957",
    "959",
    "970",
    "971",
    "972",
    "973",
    "975",
    "978",
    "979",
    "980",
    "984",
    "985",
    "986",
    "989",
    "888",
  ],
  "phone_number_lengths": Array [
    10,
  ],
}
`;
